../Core/Src/LIS3MDL_MAG_Driver.c:65:15:LIS3MDL_MAG_WriteReg	24	static
../Core/Src/LIS3MDL_MAG_Driver.c:81:15:LIS3MDL_MAG_ReadReg	24	static
../Core/Src/LIS3MDL_MAG_Driver.c:98:15:LIS3MDL_MAG_R_WHO_AM_I_	16	static
../Core/Src/LIS3MDL_MAG_Driver.c:116:16:LIS3MDL_MAG_W_SystemOperatingMode	24	static
../Core/Src/LIS3MDL_MAG_Driver.c:139:15:LIS3MDL_MAG_R_SystemOperatingMode	16	static
../Core/Src/LIS3MDL_MAG_Driver.c:156:16:LIS3MDL_MAG_W_BlockDataUpdate	24	static
../Core/Src/LIS3MDL_MAG_Driver.c:179:15:LIS3MDL_MAG_R_BlockDataUpdate	16	static
../Core/Src/LIS3MDL_MAG_Driver.c:196:16:LIS3MDL_MAG_W_FullScale	24	static
../Core/Src/LIS3MDL_MAG_Driver.c:219:15:LIS3MDL_MAG_R_FullScale	16	static
../Core/Src/LIS3MDL_MAG_Driver.c:236:16:LIS3MDL_MAG_W_OutputDataRate	24	static
../Core/Src/LIS3MDL_MAG_Driver.c:259:15:LIS3MDL_MAG_R_OutputDataRate	16	static
../Core/Src/LIS3MDL_MAG_Driver.c:276:15:LIS3MDL_MAG_Get_Magnetic	24	static
../Core/Src/LIS3MDL_MAG_Driver.c:306:16:LIS3MDL_MAG_W_SelfTest	24	static
../Core/Src/LIS3MDL_MAG_Driver.c:329:15:LIS3MDL_MAG_R_SelfTest	16	static
../Core/Src/LIS3MDL_MAG_Driver.c:346:16:LIS3MDL_MAG_W_OperatingModeXY	24	static
../Core/Src/LIS3MDL_MAG_Driver.c:369:15:LIS3MDL_MAG_R_OperatingModeXY	16	static
../Core/Src/LIS3MDL_MAG_Driver.c:386:16:LIS3MDL_MAG_W_TemperatureSensor	24	static
../Core/Src/LIS3MDL_MAG_Driver.c:409:15:LIS3MDL_MAG_R_TemperatureSensor	16	static
../Core/Src/LIS3MDL_MAG_Driver.c:426:16:LIS3MDL_MAG_W_SoftRST	24	static
../Core/Src/LIS3MDL_MAG_Driver.c:449:15:LIS3MDL_MAG_R_SoftRST	16	static
../Core/Src/LIS3MDL_MAG_Driver.c:466:16:LIS3MDL_MAG_W_Reboot	24	static
../Core/Src/LIS3MDL_MAG_Driver.c:489:15:LIS3MDL_MAG_R_Reboot	16	static
../Core/Src/LIS3MDL_MAG_Driver.c:507:16:LIS3MDL_MAG_W_SerialInterfaceMode	24	static
../Core/Src/LIS3MDL_MAG_Driver.c:530:15:LIS3MDL_MAG_R_SerialInterfaceMode	16	static
../Core/Src/LIS3MDL_MAG_Driver.c:547:16:LIS3MDL_MAG_W_FastLowPowerXYZ	24	static
../Core/Src/LIS3MDL_MAG_Driver.c:570:15:LIS3MDL_MAG_R_FastLowPowerXYZ	16	static
../Core/Src/LIS3MDL_MAG_Driver.c:587:16:LIS3MDL_MAG_W_LittleBigEndianInversion	24	static
../Core/Src/LIS3MDL_MAG_Driver.c:610:15:LIS3MDL_MAG_R_LittleBigEndianInversion	16	static
../Core/Src/LIS3MDL_MAG_Driver.c:627:16:LIS3MDL_MAG_W_OperatingModeZ	24	static
../Core/Src/LIS3MDL_MAG_Driver.c:650:15:LIS3MDL_MAG_R_OperatingModeZ	16	static
../Core/Src/LIS3MDL_MAG_Driver.c:667:15:LIS3MDL_MAG_R_NewXData	16	static
../Core/Src/LIS3MDL_MAG_Driver.c:684:15:LIS3MDL_MAG_R_NewYData	16	static
../Core/Src/LIS3MDL_MAG_Driver.c:701:15:LIS3MDL_MAG_R_NewZData	16	static
../Core/Src/LIS3MDL_MAG_Driver.c:718:15:LIS3MDL_MAG_R_NewXYZData	16	static
../Core/Src/LIS3MDL_MAG_Driver.c:735:15:LIS3MDL_MAG_R_DataXOverrun	16	static
../Core/Src/LIS3MDL_MAG_Driver.c:752:15:LIS3MDL_MAG_R_DataYOverrun	16	static
../Core/Src/LIS3MDL_MAG_Driver.c:769:15:LIS3MDL_MAG_R_DataZOverrun	16	static
../Core/Src/LIS3MDL_MAG_Driver.c:786:15:LIS3MDL_MAG_R_DataXYZOverrun	16	static
../Core/Src/LIS3MDL_MAG_Driver.c:803:16:LIS3MDL_MAG_W_InterruptEnable	24	static
../Core/Src/LIS3MDL_MAG_Driver.c:826:15:LIS3MDL_MAG_R_InterruptEnable	16	static
../Core/Src/LIS3MDL_MAG_Driver.c:843:16:LIS3MDL_MAG_W_LatchInterruptRq	24	static
../Core/Src/LIS3MDL_MAG_Driver.c:866:15:LIS3MDL_MAG_R_LatchInterruptRq	16	static
../Core/Src/LIS3MDL_MAG_Driver.c:883:16:LIS3MDL_MAG_W_InterruptActive	24	static
../Core/Src/LIS3MDL_MAG_Driver.c:906:15:LIS3MDL_MAG_R_InterruptActive	16	static
../Core/Src/LIS3MDL_MAG_Driver.c:923:16:LIS3MDL_MAG_W_InterruptOnZ	24	static
../Core/Src/LIS3MDL_MAG_Driver.c:946:15:LIS3MDL_MAG_R_InterruptOnZ	16	static
../Core/Src/LIS3MDL_MAG_Driver.c:963:16:LIS3MDL_MAG_W_InterruptOnY	24	static
../Core/Src/LIS3MDL_MAG_Driver.c:986:15:LIS3MDL_MAG_R_InterruptOnY	16	static
../Core/Src/LIS3MDL_MAG_Driver.c:1003:16:LIS3MDL_MAG_W_InterruptOnX	24	static
../Core/Src/LIS3MDL_MAG_Driver.c:1026:15:LIS3MDL_MAG_R_InterruptOnX	16	static
../Core/Src/LIS3MDL_MAG_Driver.c:1043:16:LIS3MDL_MAG_W_InterruptFlag	24	static
../Core/Src/LIS3MDL_MAG_Driver.c:1066:15:LIS3MDL_MAG_R_InterruptFlag	16	static
../Core/Src/LIS3MDL_MAG_Driver.c:1083:16:LIS3MDL_MAG_W_MagneticFieldOverflow	24	static
../Core/Src/LIS3MDL_MAG_Driver.c:1106:15:LIS3MDL_MAG_R_MagneticFieldOverflow	16	static
../Core/Src/LIS3MDL_MAG_Driver.c:1123:16:LIS3MDL_MAG_W_NegativeThresholdFlagZ	24	static
../Core/Src/LIS3MDL_MAG_Driver.c:1146:15:LIS3MDL_MAG_R_NegativeThresholdFlagZ	16	static
../Core/Src/LIS3MDL_MAG_Driver.c:1163:16:LIS3MDL_MAG_W_NegativeThresholdFlagY	24	static
../Core/Src/LIS3MDL_MAG_Driver.c:1186:15:LIS3MDL_MAG_R_NegativeThresholdFlagY	16	static
../Core/Src/LIS3MDL_MAG_Driver.c:1203:16:LIS3MDL_MAG_W_NegativeThresholdFlagX	24	static
../Core/Src/LIS3MDL_MAG_Driver.c:1226:15:LIS3MDL_MAG_R_NegativeThresholdFlagX	16	static
../Core/Src/LIS3MDL_MAG_Driver.c:1243:16:LIS3MDL_MAG_W_PositiveThresholdFlagZ	24	static
../Core/Src/LIS3MDL_MAG_Driver.c:1266:15:LIS3MDL_MAG_R_PositiveThresholdFlagZ	16	static
../Core/Src/LIS3MDL_MAG_Driver.c:1283:16:LIS3MDL_MAG_W_PositiveThresholdFlagY	24	static
../Core/Src/LIS3MDL_MAG_Driver.c:1306:15:LIS3MDL_MAG_R_PositiveThresholdFlagY	16	static
../Core/Src/LIS3MDL_MAG_Driver.c:1323:16:LIS3MDL_MAG_W_PositiveThresholdFlagX	24	static
../Core/Src/LIS3MDL_MAG_Driver.c:1346:15:LIS3MDL_MAG_R_PositiveThresholdFlagX	16	static
../Core/Src/LIS3MDL_MAG_Driver.c:1363:15:LIS3MDL_MAG_Get_Temperature	24	static
../Core/Src/LIS3MDL_MAG_Driver.c:1392:15:LIS3MDL_MAG_Set_MagneticThreshold	24	static
../Core/Src/LIS3MDL_MAG_Driver.c:1411:15:LIS3MDL_MAG_Get_MagneticThreshold	24	static
../Core/Src/LIS3MDL_MAG_Driver.c:1445:6:LIS3MDL_MAG_SwapHighLowByte	32	static
