../Core/Src/main.c:89:5:main	8	static
../Core/Src/main.c:142:6:SystemClock_Config	88	static
../Core/Src/main.c:181:13:MX_I2C1_Init	8	static
../Core/Src/main.c:213:13:MX_GPIO_Init	16	static
../Core/Src/main.c:227:6:test_I2C_Communication	64	static
../Core/Src/main.c:246:6:LSM6DSOX_Init	16	static
../Core/Src/main.c:284:6:LIS3MDL_Init	16	static
../Core/Src/main.c:317:6:LSM6DSOX_ReadAccel	32	static
../Core/Src/main.c:328:6:LSM6DSOX_ReadGyro	32	static
../Core/Src/main.c:339:6:LIS3MDL_ReadMag	32	static
../Core/Src/main.c:350:9:platform_write	24	static
../Core/Src/main.c:356:9:platform_read	40	static
../Core/Src/main.c:365:6:Error_Handler	4	static,ignoring_inline_asm
