../Core/Src/main.c:86:5:main	40	static
../Core/Src/main.c:143:6:SystemClock_Config	88	static
../Core/Src/main.c:182:13:MX_I2C1_Init	8	static
../Core/Src/main.c:214:13:MX_GPIO_Init	16	static
../Core/Src/main.c:226:6:LSM6DSOX_Init	16	static
../Core/Src/main.c:265:6:LIS3MDL_Init	16	static
../Core/Src/main.c:298:6:LSM6DSOX_ReadAccel	32	static
../Core/Src/main.c:309:6:LSM6DSOX_ReadGyro	32	static
../Core/Src/main.c:320:6:LIS3MDL_ReadMag	32	static
../Core/Src/main.c:331:9:platform_write	40	static
../Core/Src/main.c:338:9:platform_read	40	static
../Core/Src/main.c:347:6:Error_Handler	4	static,ignoring_inline_asm
